=== GC Start ===
  Gen#    Raw  Boxed  Mixed   Cons   Code  Total
Small objects (in MiB):
     0      0      0    311     94      0    406
     5      1      2      2      2      3     12
     6      1      6      2      4     13     28
Large objects:
     0      0      0      3      0      0      3
     3      0      0      0      0      0      0
     5      0      0      0      0      0      1
     6      0      0      0      0      0      0
=== GC End ===
  Gen#    Raw  Boxed  Mixed   Cons   Code  Total
Small objects (in MiB):
     0      0      0      5      4      0     10
     5      1      2      2      2      3     12
     6      1      6      2      4     13     28
Large objects:
     0      0      0      1      0      0      1
     5      0      0      0      0      0      0
     6      0      0      0      0      0      0
=== GC Start ===
  Gen#    Raw  Boxed  Mixed   Cons   Code  Total
Small objects (in MiB):
     0      0      0    333     84      1    418
     5      1      2      2      2      3     12
     6      1      6      2      4     13     28
Large objects:
     0      0      0      2      0      0      2
     3      0      0      0      0      0      0
     5      0      0      0      0      0      0
     6      0      0      0      0      0      0
=== GC End ===
  Gen#    Raw  Boxed  Mixed   Cons   Code  Total
Small objects (in MiB):
     1      0      0     16      6      0     23
     5      1      2      2      2      3     12
     6      1      6      2      4     13     28
Large objects:
     1      0      0      1      0      0      1
     5      0      0      0      0      0      0
     6      0      0      0      0      0      0
=== GC Start ===
  Gen#    Raw  Boxed  Mixed   Cons   Code  Total
Small objects (in MiB):
     0      0      0    278    128      0    407
     1      0      0     16      6      0     23
     5      1      2      2      2      3     12
     6      1      6      2      4     13     28
Large objects:
     0      0      0      2      0      0      2
     1      0      0      1      0      0      1
     3      0      0      0      0      0      0
     5      0      0      0      0      0      0
     6      0      0      0      0      0      0
=== GC End ===
  Gen#    Raw  Boxed  Mixed   Cons   Code  Total
Small objects (in MiB):
     0      0      0     18      4      0     23
     1      0      0     16      6      0     23
     5      1      2      2      2      3     12
     6      1      6      2      4     13     28
Large objects:
     0      0      0      1      0      0      1
     1      0      0      1      0      0      1
     5      0      0      0      0      0      0
     6      0      0      0      0      0      0
=== GC Start ===
  Gen#    Raw  Boxed  Mixed   Cons   Code  Total
Small objects (in MiB):
     0      0      0    347     82      0    430
     1      0      0     16      6      0     23
     5      1      2      2      2      3     12
     6      1      6      2      4     13     28
Large objects:
     0      0      0      4      0      0      4
     1      0      0      1      0      0      1
     3      0      0      0      0      0      0
     5      0      0      0      0      0      0
     6      0      0      0      0      0      0
=== GC End ===
  Gen#    Raw  Boxed  Mixed   Cons   Code  Total
Small objects (in MiB):
     1      0      0     20      8      1     30
     5      1      2      2      2      3     12
     6      1      6      2      4     13     28
Large objects:
     1      0      0      2      0      0      2
     5      0      0      0      0      0      0
     6      0      0      0      0      0      0
=== GC Start ===
  Gen#    Raw  Boxed  Mixed   Cons   Code  Total
Small objects (in MiB):
     0      0      0    323     81      0    405
     1      0      0     20      8      1     30
     5      1      2      2      2      3     12
     6      1      6      2      4     13     28
Large objects:
     0      0      0      3      0      0      3
     1      0      0      2      0      0      2
     3      0      0      0      0      0      0
     5      0      0      0      0      0      0
     6      0      0      0      0      0      0
=== GC End ===
  Gen#    Raw  Boxed  Mixed   Cons   Code  Total
Small objects (in MiB):
     0      0      0     11      5      0     17
     1      0      0     20      8      1     30
     5      1      2      2      2      3     12
     6      1      6      2      4     13     28
Large objects:
     0      0      0      1      0      0      1
     1      0      0      2      0      0      2
     5      0      0      0      0      0      0
     6      0      0      0      0      0      0
=== GC Start ===
  Gen#    Raw  Boxed  Mixed   Cons   Code  Total
Small objects (in MiB):
     0      0      0    325     92      2    420
     1      0      0     20      8      1     30
     5      1      2      2      2      3     12
     6      1      6      2      4     13     28
Large objects:
     0      0      0      9      0      0      9
     1      0      0      2      0      0      2
     3      0      0      0      0      0      0
     5      0      0      0      0      0      0
     6      0      0      0      0      0      0
=== GC End ===
  Gen#    Raw  Boxed  Mixed   Cons   Code  Total
Small objects (in MiB):
     1      0      0     35     16      2     54
     5      1      2      2      2      3     12
     6      1      6      2      4     13     28
Large objects:
     1      0      0      6      0      0      6
     5      0      0      0      0      0      0
     6      0      0      0      0      0      0
=== GC Start ===
  Gen#    Raw  Boxed  Mixed   Cons   Code  Total
Small objects (in MiB):
     0      0      0    312     89      1    404
     1      0      0     35     16      2     54
     5      1      2      2      2      3     12
     6      1      6      2      4     13     28
Large objects:
     0      0      0      6      0      0      6
     1      0      0      6      0      0      6
     3      0      0      0      0      0      0
     5      0      0      0      0      0      0
     6      0      0      0      0      0      0
=== GC End ===
  Gen#    Raw  Boxed  Mixed   Cons   Code  Total
Small objects (in MiB):
     0      0      0     25      7      0     33
     1      0      0     35     16      2     54
     5      1      2      2      2      3     12
     6      1      6      2      4     13     28
Large objects:
     0      0      0      0      0      0      0
     1      0      0      6      0      0      6
     5      0      0      0      0      0      0
     6      0      0      0      0      0      0
=== GC Start ===
  Gen#    Raw  Boxed  Mixed   Cons   Code  Total
Small objects (in MiB):
     0      0      0    346     92      1    439
     1      0      0     35     16      2     54
     5      1      2      2      2      3     12
     6      1      6      2      4     13     28
Large objects:
     0      0      0      3      0      0      4
     1      0      0      6      0      0      6
     3      0      0      0      0      0      0
     5      0      0      0      0      0      0
     6      0      0      0      0      0      0
=== GC End ===
  Gen#    Raw  Boxed  Mixed   Cons   Code  Total
Small objects (in MiB):
     1      2      3     23     17      3     50
     5      1      2      2      2      3     12
     6      1      6      2      4     13     28
Large objects:
     1      0      0      5      0      0      5
     5      0      0      0      0      0      0
     6      0      0      0      0      0      0
=== GC Start ===
  Gen#    Raw  Boxed  Mixed   Cons   Code  Total
Small objects (in MiB):
     0      0      0    291    114      2    407
     1      2      3     23     17      3     50
     5      1      2      2      2      3     12
     6      1      6      2      4     13     28
Large objects:
     0      0      0      1      0      0      1
     1      0      0      5      0      0      5
     3      0      0      0      0      0      0
     5      0      0      0      0      0      1
     6      0      0      0      0      0      0
=== GC End ===
  Gen#    Raw  Boxed  Mixed   Cons   Code  Total
Small objects (in MiB):
     0      0      0     35      9      1     45
     1      2      3     23     17      3     50
     5      1      2      2      2      3     12
     6      1      6      2      4     13     28
Large objects:
     0      0      0      0      0      0      0
     1      0      0      5      0      0      5
     5      0      0      0      0      0      0
     6      0      0      0      0      0      0
=== GC Start ===
  Gen#    Raw  Boxed  Mixed   Cons   Code  Total
Small objects (in MiB):
     0      0      0    223    230      1    454
     1      2      3     23     17      3     50
     5      1      2      2      2      3     12
     6      1      6      2      4     13     28
Large objects:
     0      0      0      0      0      0      0
     1      0      0      5      0      0      5
     3      0      0      0      0      0      0
     5      0      0      0      0      0      0
     6      0      0      0      0      0      0
=== GC End ===
  Gen#    Raw  Boxed  Mixed   Cons   Code  Total
Small objects (in MiB):
     1      2      3     83     32      5    126
     5      1      2      2      2      3     12
     6      1      6      2      4     13     28
Large objects:
     1      0      0      5      0      0      6
     5      0      0      0      0      0      0
     6      0      0      0      0      0      0
=== GC Start ===
  Gen#    Raw  Boxed  Mixed   Cons   Code  Total
Small objects (in MiB):
     0      0      0     95    314      0    409
     1      2      3     83     32      5    126
     5      1      2      2      2      3     12
     6      1      6      2      4     13     28
Large objects:
     1      0      0      5      0      0      6
     3      0      0      0      0      0      0
     5      0      0      0      0      0      0
     6      0      0      0      0      0      0
=== GC End ===
  Gen#    Raw  Boxed  Mixed   Cons   Code  Total
Small objects (in MiB):
     0      0      0      1      0      0      1
     1      2      3     83     32      5    126
     5      1      2      2      2      3     12
     6      1      6      2      4     13     28
Large objects:
     1      0      0      5      0      0      6
     5      0      0      0      0      0      0
     6      0      0      0      0      0      0
=== GC Start ===
  Gen#    Raw  Boxed  Mixed   Cons   Code  Total
Small objects (in MiB):
     0      0      0    198    211      0    410
     1      2      3     83     32      5    126
     5      1      2      2      2      3     12
     6      1      6      2      4     13     28
Large objects:
     0      0      0      0      0      0      0
     1      0      0      5      0      0      6
     3      0      0      0      0      0      0
     5      0      0      0      0      0      1
     6      0      0      0      0      0      0
=== GC End ===
  Gen#    Raw  Boxed  Mixed   Cons   Code  Total
Small objects (in MiB):
     2      2      3     18     18      5     48
     5      1      2      2      2      3     12
     6      1      6      2      4     13     28
Large objects:
     2      0      0      5      0      0      5
     5      0      0      0      0      0      0
     6      0      0      0      0      0      0
=== GC Start ===
  Gen#    Raw  Boxed  Mixed   Cons   Code  Total
Small objects (in MiB):
     0      0      0    198    209      0    408
     2      2      3     18     18      5     48
     5      1      2      2      2      3     12
     6      1      6      2      4     13     28
Large objects:
     0      0      0      1      0      0      1
     2      0      0      5      0      0      5
     3      0      0      0      0      0      0
     5      0      0      0      0      0      0
     6      0      0      0      0      0      0
=== GC End ===
  Gen#    Raw  Boxed  Mixed   Cons   Code  Total
Small objects (in MiB):
     0      0      0     31      5      0     37
     2      2      3     18     18      5     48
     5      1      2      2      2      3     12
     6      1      6      2      4     13     28
Large objects:
     0      0      0      0      0      0      0
     2      0      0      5      0      0      5
     5      0      0      0      0      0      0
     6      0      0      0      0      0      0
=== GC Start ===
  Gen#    Raw  Boxed  Mixed   Cons   Code  Total
Small objects (in MiB):
     0      0      0    149    298      0    447
     2      2      3     18     18      5     48
     5      1      2      2      2      3     12
     6      1      6      2      4     13     28
Large objects:
     0      0      0      0      0      0      0
     2      0      0      5      0      0      5
     3      0      0      0      0      0      0
     5      0      0      0      0      0      0
     6      0      0      0      0      0      0
=== GC End ===
  Gen#    Raw  Boxed  Mixed   Cons   Code  Total
Small objects (in MiB):
     1      0      0     32      5      0     38
     2      2      3     18     18      5     48
     5      1      2      2      2      3     12
     6      1      6      2      4     13     28
Large objects:
     1      0      0      0      0      0      0
     2      0      0      5      0      0      5
     5      0      0      0      0      0      0
     6      0      0      0      0      0      0
=== GC Start ===
  Gen#    Raw  Boxed  Mixed   Cons   Code  Total
Small objects (in MiB):
     0      0      0    130    279      0    409
     1      0      0     32      5      0     38
     2      2      3     18     18      5     48
     5      1      2      2      2      3     12
     6      1      6      2      4     13     28
Large objects:
     0      0      0      0      0      0      0
     1      0      0      0      0      0      0
     2      0      0      5      0      0      5
     3      0      0      0      0      0      0
     5      0      0      0      0      0      0
     6      0      0      0      0      0      0
=== GC End ===
  Gen#    Raw  Boxed  Mixed   Cons   Code  Total
Small objects (in MiB):
     0      0      0      8      0      0      9
     1      0      0     32      5      0     38
     2      2      3     18     18      5     48
     5      1      2      2      2      3     12
     6      1      6      2      4     13     28
Large objects:
     0      0      0      0      0      0      0
     1      0      0      0      0      0      0
     2      0      0      5      0      0      5
     5      0      0      0      0      0      0
     6      0      0      0      0      0      0
=== GC Start ===
  Gen#    Raw  Boxed  Mixed   Cons   Code  Total
Small objects (in MiB):
     0      0      0    148    269      0    418
     1      0      0     32      5      0     38
     2      2      3     18     18      5     48
     5      1      2      2      2      3     12
     6      1      6      2      4     13     28
Large objects:
     0      0      0      0      0      0      0
     1      0      0      0      0      0      0
     2      0      0      5      0      0      5
     3      0      0      0      0      0      0
     5      0      0      0      0      0      0
     6      0      0      0      0      0      0
=== GC End ===
  Gen#    Raw  Boxed  Mixed   Cons   Code  Total
Small objects (in MiB):
     1      0      0     41      6      0     47
     2      2      3     18     18      5     48
     5      1      2      2      2      3     12
     6      1      6      2      4     13     28
Large objects:
     1      0      0      0      0      0      0
     2      0      0      5      0      0      5
     5      0      0      0      0      0      0
     6      0      0      0      0      0      0
=== GC Start ===
  Gen#    Raw  Boxed  Mixed   Cons   Code  Total
Small objects (in MiB):
     0      0      0    139    270      0    409
     1      0      0     41      6      0     47
     2      2      3     18     18      5     48
     5      1      2      2      2      3     12
     6      1      6      2      4     13     28
Large objects:
     1      0      0      0      0      0      0
     2      0      0      5      0      0      5
     3      0      0      0      0      0      0
     5      0      0      0      0      0      0
     6      0      0      0      0      0      0
=== GC End ===
  Gen#    Raw  Boxed  Mixed   Cons   Code  Total
Small objects (in MiB):
     0      0      0      8      0      0      8
     1      0      0     41      6      0     47
     2      2      3     18     18      5     48
     5      1      2      2      2      3     12
     6      1      6      2      4     13     28
Large objects:
     1      0      0      0      0      0      0
     2      0      0      5      0      0      5
     5      0      0      0      0      0      0
     6      0      0      0      0      0      0
=== GC Start ===
  Gen#    Raw  Boxed  Mixed   Cons   Code  Total
Small objects (in MiB):
     0      0      0    147    270      0    417
     1      0      0     41      6      0     47
     2      2      3     18     18      5     48
     5      1      2      2      2      3     12
     6      1      6      2      4     13     28
Large objects:
     1      0      0      0      0      0      0
     2      0      0      5      0      0      5
     3      0      0      0      0      0      0
     5      0      0      0      0      0      0
     6      0      0      0      0      0      0
=== GC End ===
  Gen#    Raw  Boxed  Mixed   Cons   Code  Total
Small objects (in MiB):
     1      0      0     49      6      0     56
     2      2      3     18     18      5     48
     5      1      2      2      2      3     12
     6      1      6      2      4     13     28
Large objects:
     1      0      0      0      0      0      0
     2      0      0      5      0      0      5
     5      0      0      0      0      0      0
     6      0      0      0      0      0      0
=== GC Start ===
  Gen#    Raw  Boxed  Mixed   Cons   Code  Total
Small objects (in MiB):
     0      0      0    135    274      0    409
     1      0      0     49      6      0     56
     2      2      3     18     18      5     48
     5      1      2      2      2      3     12
     6      1      6      2      4     13     28
Large objects:
     1      0      0      0      0      0      0
     2      0      0      5      0      0      5
     3      0      0      0      0      0      0
     5      0      0      0      0      0      0
     6      0      0      0      0      0      0
=== GC End ===
  Gen#    Raw  Boxed  Mixed   Cons   Code  Total
Small objects (in MiB):
     0      0      0      5      0      0      5
     1      0      0     49      6      0     56
     2      2      3     18     18      5     48
     5      1      2      2      2      3     12
     6      1      6      2      4     13     28
Large objects:
     1      0      0      0      0      0      0
     2      0      0      5      0      0      5
     5      0      0      0      0      0      0
     6      0      0      0      0      0      0
=== GC Start ===
  Gen#    Raw  Boxed  Mixed   Cons   Code  Total
Small objects (in MiB):
     0      0      0    142    272      0    414
     1      0      0     49      6      0     56
     2      2      3     18     18      5     48
     5      1      2      2      2      3     12
     6      1      6      2      4     13     28
Large objects:
     1      0      0      0      0      0      0
     2      0      0      5      0      0      5
     3      0      0      0      0      0      0
     5      0      0      0      0      0      0
     6      0      0      0      0      0      0
=== GC End ===
  Gen#    Raw  Boxed  Mixed   Cons   Code  Total
Small objects (in MiB):
     1      0      0     58      6      0     64
     2      2      3     18     18      5     48
     5      1      2      2      2      3     12
     6      1      6      2      4     13     28
Large objects:
     1      0      0      0      0      0      0
     2      0      0      5      0      0      5
     5      0      0      0      0      0      0
     6      0      0      0      0      0      0
=== GC Start ===
  Gen#    Raw  Boxed  Mixed   Cons   Code  Total
Small objects (in MiB):
     0      0      0    137    271      0    409
     1      0      0     58      6      0     64
     2      2      3     18     18      5     48
     5      1      2      2      2      3     12
     6      1      6      2      4     13     28
Large objects:
     1      0      0      0      0      0      0
     2      0      0      5      0      0      5
     3      0      0      0      0      0      0
     5      0      0      0      0      0      0
     6      0      0      0      0      0      0
=== GC End ===
  Gen#    Raw  Boxed  Mixed   Cons   Code  Total
Small objects (in MiB):
     0      0      0      8      0      0      8
     1      0      0     58      6      0     64
     2      2      3     18     18      5     48
     5      1      2      2      2      3     12
     6      1      6      2      4     13     28
Large objects:
     1      0      0      0      0      0      0
     2      0      0      5      0      0      5
     5      0      0      0      0      0      0
     6      0      0      0      0      0      0
=== GC Start ===
  Gen#    Raw  Boxed  Mixed   Cons   Code  Total
Small objects (in MiB):
     0      0      0    152    265      0    417
     1      0      0     58      6      0     64
     2      2      3     18     18      5     48
     5      1      2      2      2      3     12
     6      1      6      2      4     13     28
Large objects:
     1      0      0      0      0      0      0
     2      0      0      5      0      0      5
     3      0      0      0      0      0      0
     5      0      0      0      0      0      0
     6      0      0      0      0      0      0
=== GC End ===
  Gen#    Raw  Boxed  Mixed   Cons   Code  Total
Small objects (in MiB):
     1      0      0     66      6      0     73
     2      2      3     18     18      5     48
     5      1      2      2      2      3     12
     6      1      6      2      4     13     28
Large objects:
     1      0      0      0      0      0      0
     2      0      0      5      0      0      5
     5      0      0      0      0      0      0
     6      0      0      0      0      0      0
=== GC Start ===
  Gen#    Raw  Boxed  Mixed   Cons   Code  Total
Small objects (in MiB):
     0      0      0    146    263      0    409
     1      0      0     66      6      0     73
     2      2      3     18     18      5     48
     5      1      2      2      2      3     12
     6      1      6      2      4     13     28
Large objects:
     1      0      0      0      0      0      0
     2      0      0      5      0      0      5
     3      0      0      0      0      0      0
     5      0      0      0      0      0      0
     6      0      0      0      0      0      0
=== GC End ===
  Gen#    Raw  Boxed  Mixed   Cons   Code  Total
Small objects (in MiB):
     0      0      0      8      0      0      8
     1      0      0     66      6      0     73
     2      2      3     18     18      5     48
     5      1      2      2      2      3     12
     6      1      6      2      4     13     28
Large objects:
     1      0      0      0      0      0      0
     2      0      0      5      0      0      5
     5      0      0      0      0      0      0
     6      0      0      0      0      0      0
=== GC Start ===
  Gen#    Raw  Boxed  Mixed   Cons   Code  Total
Small objects (in MiB):
     0      0      0    238    177      0    416
     1      0      0     66      6      0     73
     2      2      3     18     18      5     48
     5      1      2      2      2      3     12
     6      1      6      2      4     13     28
Large objects:
     0      0      0      1      0      0      1
     1      0      0      0      0      0      0
     2      0      0      5      0      0      5
     3      0      0      0      0      0      0
     5      0      0      0      0      0      1
     6      0      0      0      0      0      0
=== GC End ===
  Gen#    Raw  Boxed  Mixed   Cons   Code  Total
Small objects (in MiB):
     1      3      4     38      6      0     52
     2      2      3     18     18      5     48
     5      1      2      2      2      3     12
     6      1      6      2      4     13     28
Large objects:
     1      0      0      0      0      0      0
     2      0      0      5      0      0      5
     5      0      0      0      0      0      0
     6      0      0      0      0      0      0
=== GC Start ===
  Gen#    Raw  Boxed  Mixed   Cons   Code  Total
Small objects (in MiB):
     0      0      0    316     88      1    406
     1      3      4     38      6      0     52
     2      2      3     18     18      5     48
     5      1      2      2      2      3     12
     6      1      6      2      4     13     28
Large objects:
     0      0      0      3      0      0      3
     1      0      0      0      0      0      0
     2      0      0      5      0      0      5
     3      0      0      0      0      0      0
     5      0      0      0      0      0      0
     6      0      0      0      0      0      0
=== GC End ===
  Gen#    Raw  Boxed  Mixed   Cons   Code  Total
Small objects (in MiB):
     0      0      0      6      2      1     10
     1      3      4     38      6      0     52
     2      2      3     18     18      5     48
     5      1      2      2      2      3     12
     6      1      6      2      4     13     28
Large objects:
     0      0      0      0      0      0      1
     1      0      0      0      0      0      0
     2      0      0      5      0      0      5
     5      0      0      0      0      0      0
     6      0      0      0      0      0      0
=== GC Start ===
  Gen#    Raw  Boxed  Mixed   Cons   Code  Total
Small objects (in MiB):
     0      0      0    309     87      2    399
     1      3      4     38      6      0     52
     2      2      3     18     18      5     48
     5      1      2      2      2      3     12
     6      1      6      2      4     13     28
Large objects:
     0      0      0     21      0      0     21
     1      0      0      0      0      0      0
     2      0      0      5      0      0      5
     3      0      0      0      0      0      0
     5      0      0      0      0      0      1
     6      0      0      0      0      0      0
=== GC End ===
  Gen#    Raw  Boxed  Mixed   Cons   Code  Total
Small objects (in MiB):
     1      3      4     51     11      1     72
     2      2      3     18     18      5     48
     5      1      2      2      2      3     12
     6      1      6      2      4     13     28
Large objects:
     1      0      0      1      0      0      1
     2      0      0      5      0      0      5
     5      0      0      0      0      0      0
     6      0      0      0      0      0      0
=== GC Start ===
  Gen#    Raw  Boxed  Mixed   Cons   Code  Total
Small objects (in MiB):
     0      0      0    222    134      0    358
     1      3      4     51     11      1     72
     2      2      3     18     18      5     48
     5      1      2      2      2      3     12
     6      1      6      2      4     13     28
Large objects:
     0      0      0     58      0      0     58
     1      0      0      1      0      0      1
     2      0      0      5      0      0      5
     3      0      0      0      0      0      0
     5      0      0      0      0      0      1
     6      0      0      0      0      0      0
=== GC End ===
  Gen#    Raw  Boxed  Mixed   Cons   Code  Total
Small objects (in MiB):
     0      0      0      5      1      0      7
     1      3      4     51     11      1     72
     2      2      3     18     18      5     48
     5      1      2      2      2      3     12
     6      1      6      2      4     13     28
Large objects:
     0      0      0      0      0      0      0
     1      0      0      1      0      0      1
     2      0      0      5      0      0      5
     5      0      0      0      0      0      0
     6      0      0      0      0      0      0
